Hello from Battlefield!