frontend/src/components/AgentPermissionCard.tsx:495: trailing whitespace.
+              background: status === "approved" 
frontend/src/components/AgentPermissionCard.tsx:496: trailing whitespace.
+                ? "rgba(52, 211, 153, 0.08)" 
frontend/src/components/AgentPermissionCard.tsx:497: trailing whitespace.
+                : status === "expired" 
frontend/src/components/AgentPermissionCard.tsx:498: trailing whitespace.
+                ? "rgba(148, 163, 184, 0.08)" 
frontend/src/components/AgentPermissionCard.tsx:500: trailing whitespace.
+              border: status === "approved" 
frontend/src/components/AgentPermissionCard.tsx:501: trailing whitespace.
+                ? "1px solid rgba(52, 211, 153, 0.25)" 
frontend/src/components/AgentPermissionCard.tsx:510: trailing whitespace.
+            <div style={{ 
frontend/src/components/AgentPermissionCard.tsx:511: trailing whitespace.
+              display: "flex", 
frontend/src/components/AgentPermissionCard.tsx:512: trailing whitespace.
+              alignItems: "center", 
frontend/src/components/AgentPermissionCard.tsx:513: trailing whitespace.
+              gap: "8px", 
frontend/src/components/AgentPermissionCard.tsx:514: trailing whitespace.
+              fontSize: "12px", 
frontend/src/components/AgentPermissionCard.tsx:515: trailing whitespace.
+              fontWeight: 600, 
frontend/src/components/AgentPermissionCard.tsx:516: trailing whitespace.
+              color: status === "approved" ? "#34d399" : status === "expired" ? "var(--color-mute, #94a3b8)" : "#f87171" 
frontend/src/components/AgentPermissionCard.tsx:520: trailing whitespace.
+                {status === "approved" 
frontend/src/components/AgentPermissionCard.tsx:521: trailing whitespace.
+                  ? "Action Approved" 
frontend/src/components/AgentPermissionCard.tsx:522: trailing whitespace.
+                  : status === "expired" 
frontend/src/components/AgentPermissionCard.tsx:523: trailing whitespace.
+                  ? "Approval Request Expired or No Longer Valid" 
frontend/src/components/FileChangeCard.tsx:81: trailing whitespace.
+    
frontend/src/components/FileChangeCard.tsx:95: trailing whitespace.
+    const changeKind: "patch" | "content_preview" | "unavailable" = isRealDiff 
frontend/src/components/FileChangeCard.tsx:96: trailing whitespace.
+      ? "patch" 
