warning: in the working copy of 'backend/core/agent/message_history.py', LF will be replaced by CRLF the next time Git touches it
warning: in the working copy of 'backend/core/agent/observation_cache.py', LF will be replaced by CRLF the next time Git touches it
warning: in the working copy of 'backend/core/agent/react_agent.py', LF will be replaced by CRLF the next time Git touches it
warning: in the working copy of 'backend/core/agent/workflow_dag.py', LF will be replaced by CRLF the next time Git touches it
warning: in the working copy of 'backend/core/api/browser_routes.py', LF will be replaced by CRLF the next time Git touches it
warning: in the working copy of 'backend/core/api/crud_routes.py', LF will be replaced by CRLF the next time Git touches it
warning: in the working copy of 'backend/core/api/scratchpad_routes.py', LF will be replaced by CRLF the next time Git touches it
warning: in the working copy of 'backend/core/api/skill_routes.py', LF will be replaced by CRLF the next time Git touches it
warning: in the working copy of 'backend/core/chat/message_router.py', LF will be replaced by CRLF the next time Git touches it
warning: in the working copy of 'backend/core/config.py', LF will be replaced by CRLF the next time Git touches it
warning: in the working copy of 'backend/core/knowledge/code_graph.py', LF will be replaced by CRLF the next time Git touches it
warning: in the working copy of 'backend/core/knowledge/hybrid_search.py', LF will be replaced by CRLF the next time Git touches it
warning: in the working copy of 'backend/core/knowledge/knowledge_ingestor.py', LF will be replaced by CRLF the next time Git touches it
warning: in the working copy of 'backend/core/memory/auto_dream.py', LF will be replaced by CRLF the next time Git touches it
warning: in the working copy of 'backend/core/memory/database.py', LF will be replaced by CRLF the next time Git touches it
warning: in the working copy of 'backend/core/memory/models.py', LF will be replaced by CRLF the next time Git touches it
warning: in the working copy of 'backend/core/memory/scratchpad.py', LF will be replaced by CRLF the next time Git touches it
warning: in the working copy of 'backend/core/skills/skill_manager.py', LF will be replaced by CRLF the next time Git touches it
warning: in the working copy of 'backend/core/tools/context.py', LF will be replaced by CRLF the next time Git touches it
warning: in the working copy of 'backend/core/tools/interaction_tools.py', LF will be replaced by CRLF the next time Git touches it
warning: in the working copy of 'backend/core/tools/tool_executor.py', LF will be replaced by CRLF the next time Git touches it
warning: in the working copy of 'backend/main.py', LF will be replaced by CRLF the next time Git touches it
warning: in the working copy of 'backend/tests/conftest.py', LF will be replaced by CRLF the next time Git touches it
warning: in the working copy of 'backend/tests/integration/test_graph.py', LF will be replaced by CRLF the next time Git touches it
warning: in the working copy of 'backend/tests/test_auth.py', LF will be replaced by CRLF the next time Git touches it
warning: in the working copy of 'backend/tests/test_browser_agent.py', LF will be replaced by CRLF the next time Git touches it
warning: in the working copy of 'backend/tests/test_browser_stream.py', LF will be replaced by CRLF the next time Git touches it
warning: in the working copy of 'backend/tests/test_react_agent_hardening.py', LF will be replaced by CRLF the next time Git touches it
warning: in the working copy of 'backend/tests/test_skills_system.py', LF will be replaced by CRLF the next time Git touches it
warning: in the working copy of 'frontend/src/app/page.tsx', LF will be replaced by CRLF the next time Git touches it
warning: in the working copy of 'frontend/src/components/AgentAvatar.tsx', LF will be replaced by CRLF the next time Git touches it
warning: in the working copy of 'frontend/src/components/AgentPermissionCard.tsx', LF will be replaced by CRLF the next time Git touches it
warning: in the working copy of 'frontend/src/components/AskUserQuestionCard.tsx', LF will be replaced by CRLF the next time Git touches it
warning: in the working copy of 'frontend/src/components/ChatInterface.tsx', LF will be replaced by CRLF the next time Git touches it
warning: in the working copy of 'frontend/src/components/DiffViewer.tsx', LF will be replaced by CRLF the next time Git touches it
warning: in the working copy of 'frontend/src/components/FileChangeCard.tsx', LF will be replaced by CRLF the next time Git touches it
warning: in the working copy of 'frontend/src/components/PrettyAvatar.tsx', LF will be replaced by CRLF the next time Git touches it
warning: in the working copy of 'frontend/src/components/SkillsStudio.tsx', LF will be replaced by CRLF the next time Git touches it
warning: in the working copy of 'frontend/src/hooks/useApi.ts', LF will be replaced by CRLF the next time Git touches it
warning: in the working copy of 'frontend/src/hooks/useWebSocket.ts', LF will be replaced by CRLF the next time Git touches it
